// Jest Snapshot v1, https://goo.gl/fbAQLP

exports[`ListPage tests renders ListPage 1`] = `
<DocumentFragment>
  <p>
    LOADING!
  </p>
</DocumentFragment>
`;
